// Jest Snapshot v1, https://goo.gl/fbAQLP

exports[`renders ./components/empty/demo/basic.md correctly 1`] = `
<div
  class="ant-empty"
>
  <div
    class="ant-empty-image"
  >
    <img
      alt="No Data"
      src="data:image/svg+xml;base64,PHN2ZyB3aWR0aD0iMTg0IiBoZWlnaHQ9IjE1MiIgeG1sbnM9Imh0dHA6Ly93d3cudzMub3JnLzIwMDAvc3ZnIj4KICA8ZyBmaWxsPSJub25lIiBmaWxsLXJ1bGU9ImV2ZW5vZGQiPgogICAgPGcgdHJhbnNmb3JtPSJ0cmFuc2xhdGUoMjQgMzEuNjcpIj4KICAgICAgPGVsbGlwc2UgZmlsbC1vcGFjaXR5PSIuOCIgZmlsbD0iI0Y1RjVGNyIgY3g9IjY3Ljc5NyIgY3k9IjEwNi44OSIgcng9IjY3Ljc5NyIgcnk9IjEyLjY2OCIvPgogICAgICA8cGF0aCBkPSJNMTIyLjAzNCA2OS42NzRMOTguMTA5IDQwLjIyOWMtMS4xNDgtMS4zODYtMi44MjYtMi4yMjUtNC41OTMtMi4yMjVoLTUxLjQ0Yy0xLjc2NiAwLTMuNDQ0LjgzOS00LjU5MiAyLjIyNUwxMy41NiA2OS42NzR2MTUuMzgzaDEwOC40NzVWNjkuNjc0eiIgZmlsbD0iI0FFQjhDMiIvPgogICAgICA8cGF0aCBkPSJNMTAxLjUzNyA4Ni4yMTRMODAuNjMgNjEuMTAyYy0xLjAwMS0xLjIwNy0yLjUwNy0xLjg2Ny00LjA0OC0xLjg2N0gzMS43MjRjLTEuNTQgMC0zLjA0Ny42Ni00LjA0OCAxLjg2N0w2Ljc2OSA4Ni4yMTR2MTMuNzkyaDk0Ljc2OFY4Ni4yMTR6IiBmaWxsPSJ1cmwoI2xpbmVhckdyYWRpZW50LTEpIiB0cmFuc2Zvcm09InRyYW5zbGF0ZSgxMy41NikiLz4KICAgICAgPHBhdGggZD0iTTMzLjgzIDBoNjcuOTMzYTQgNCAwIDAgMSA0IDR2OTMuMzQ0YTQgNCAwIDAgMS00IDRIMzMuODNhNCA0IDAgMCAxLTQtNFY0YTQgNCAwIDAgMSA0LTR6IiBmaWxsPSIjRjVGNUY3Ii8+CiAgICAgIDxwYXRoIGQ9Ik00Mi42NzggOS45NTNoNTAuMjM3YTIgMiAwIDAgMSAyIDJWMzYuOTFhMiAyIDAgMCAxLTIgMkg0Mi42NzhhMiAyIDAgMCAxLTItMlYxMS45NTNhMiAyIDAgMCAxIDItMnpNNDIuOTQgNDkuNzY3aDQ5LjcxM2EyLjI2MiAyLjI2MiAwIDEgMSAwIDQuNTI0SDQyLjk0YTIuMjYyIDIuMjYyIDAgMCAxIDAtNC41MjR6TTQyLjk0IDYxLjUzaDQ5LjcxM2EyLjI2MiAyLjI2MiAwIDEgMSAwIDQuNTI1SDQyLjk0YTIuMjYyIDIuMjYyIDAgMCAxIDAtNC41MjV6TTEyMS44MTMgMTA1LjAzMmMtLjc3NSAzLjA3MS0zLjQ5NyA1LjM2LTYuNzM1IDUuMzZIMjAuNTE1Yy0zLjIzOCAwLTUuOTYtMi4yOS02LjczNC01LjM2YTcuMzA5IDcuMzA5IDAgMCAxLS4yMjItMS43OVY2OS42NzVoMjYuMzE4YzIuOTA3IDAgNS4yNSAyLjQ0OCA1LjI1IDUuNDJ2LjA0YzAgMi45NzEgMi4zNyA1LjM3IDUuMjc3IDUuMzdoMzQuNzg1YzIuOTA3IDAgNS4yNzctMi40MjEgNS4yNzctNS4zOTNWNzUuMWMwLTIuOTcyIDIuMzQzLTUuNDI2IDUuMjUtNS40MjZoMjYuMzE4djMzLjU2OWMwIC42MTctLjA3NyAxLjIxNi0uMjIxIDEuNzg5eiIgZmlsbD0iI0RDRTBFNiIvPgogICAgPC9nPgogICAgPHBhdGggZD0iTTE0OS4xMjEgMzMuMjkybC02LjgzIDIuNjVhMSAxIDAgMCAxLTEuMzE3LTEuMjNsMS45MzctNi4yMDdjLTIuNTg5LTIuOTQ0LTQuMTA5LTYuNTM0LTQuMTA5LTEwLjQwOEMxMzguODAyIDguMTAyIDE0OC45MiAwIDE2MS40MDIgMCAxNzMuODgxIDAgMTg0IDguMTAyIDE4NCAxOC4wOTdjMCA5Ljk5NS0xMC4xMTggMTguMDk3LTIyLjU5OSAxOC4wOTctNC41MjggMC04Ljc0NC0xLjA2Ni0xMi4yOC0yLjkwMnoiIGZpbGw9IiNEQ0UwRTYiLz4KICAgIDxnIHRyYW5zZm9ybT0idHJhbnNsYXRlKDE0OS42NSAxNS4zODMpIiBmaWxsPSIjRkZGIj4KICAgICAgPGVsbGlwc2UgY3g9IjIwLjY1NCIgY3k9IjMuMTY3IiByeD0iMi44NDkiIHJ5PSIyLjgxNSIvPgogICAgICA8cGF0aCBkPSJNNS42OTggNS42M0gwTDIuODk4LjcwNHpNOS4yNTkuNzA0aDQuOTg1VjUuNjNIOS4yNTl6Ii8+CiAgICA8L2c+CiAgPC9nPgo8L3N2Zz4K"
    />
  </div>
  <p
    class="ant-empty-description"
  >
    No Data
  </p>
</div>
`;

exports[`renders ./components/empty/demo/config-provider.md correctly 1`] = `
<div>
  <button
    aria-checked="false"
    class="ant-switch"
    role="switch"
    type="button"
  >
    <span
      class="ant-switch-inner"
    >
      default
    </span>
  </button>
  <div
    class="ant-divider ant-divider-horizontal"
  />
  <div
    class="config-provider"
  >
    <h3>
      Select
    </h3>
    <div
      class="ant-select ant-select-enabled"
      style="width:200px"
    >
      <div
        aria-autocomplete="list"
        aria-controls=""
        aria-expanded="false"
        aria-haspopup="true"
        class="ant-select-selection
            ant-select-selection--single"
        role="combobox"
        tabindex="0"
      >
        <div
          class="ant-select-selection__rendered"
        />
        <span
          class="ant-select-arrow"
          style="user-select:none;-webkit-user-select:none"
          unselectable="on"
        >
          <i
            aria-label="icon: down"
            class="anticon anticon-down ant-select-arrow-icon"
          >
            <svg
              aria-hidden="true"
              class=""
              data-icon="down"
              fill="currentColor"
              height="1em"
              viewBox="64 64 896 896"
              width="1em"
            >
              <path
                d="M884 256h-75c-5.1 0-9.9 2.5-12.9 6.6L512 654.2 227.9 262.6c-3-4.1-7.8-6.6-12.9-6.6h-75c-6.5 0-10.3 7.4-6.5 12.7l352.6 486.1c12.8 17.6 39 17.6 51.7 0l352.6-486.1c3.9-5.3.1-12.7-6.4-12.7z"
              />
            </svg>
          </i>
        </span>
      </div>
    </div>
    <h3>
      TreeSelect
    </h3>
    <span
      aria-haspopup="listbox"
      class="ant-select ant-select-enabled"
      role="combobox"
      style="width:200px"
      tabindex="0"
    >
      <span
        class="ant-select-selection ant-select-selection--single"
      >
        <span
          class="ant-select-selection__rendered"
        >
          <span
            class="ant-select-selection__placeholder"
          />
        </span>
        <span
          class="ant-select-arrow"
          style="outline:none"
        >
          <i
            aria-label="icon: down"
            class="anticon anticon-down ant-select-arrow-icon"
          >
            <svg
              aria-hidden="true"
              class=""
              data-icon="down"
              fill="currentColor"
              height="1em"
              viewBox="64 64 896 896"
              width="1em"
            >
              <path
                d="M884 256h-75c-5.1 0-9.9 2.5-12.9 6.6L512 654.2 227.9 262.6c-3-4.1-7.8-6.6-12.9-6.6h-75c-6.5 0-10.3 7.4-6.5 12.7l352.6 486.1c12.8 17.6 39 17.6 51.7 0l352.6-486.1c3.9-5.3.1-12.7-6.4-12.7z"
              />
            </svg>
          </i>
        </span>
      </span>
    </span>
    <h3>
      Cascader
    </h3>
    <span
      class="ant-cascader-picker ant-cascader-picker-show-search"
      style="width:200px"
      tabindex="0"
    >
      <span
        class="ant-cascader-picker-label"
      />
      <input
        autocomplete="off"
        class="ant-input ant-cascader-input "
        placeholder="Please select"
        type="text"
        value=""
      />
      <i
        aria-label="icon: down"
        class="anticon anticon-down ant-cascader-picker-arrow"
      >
        <svg
          aria-hidden="true"
          class=""
          data-icon="down"
          fill="currentColor"
          height="1em"
          viewBox="64 64 896 896"
          width="1em"
        >
          <path
            d="M884 256h-75c-5.1 0-9.9 2.5-12.9 6.6L512 654.2 227.9 262.6c-3-4.1-7.8-6.6-12.9-6.6h-75c-6.5 0-10.3 7.4-6.5 12.7l352.6 486.1c12.8 17.6 39 17.6 51.7 0l352.6-486.1c3.9-5.3.1-12.7-6.4-12.7z"
          />
        </svg>
      </i>
    </span>
    <h3>
      Transfer
    </h3>
    <div
      class="ant-transfer"
    >
      <div
        class="ant-transfer-list"
      >
        <div
          class="ant-transfer-list-header"
        >
          <label
            class="ant-checkbox-wrapper"
          >
            <span
              class="ant-checkbox"
            >
              <input
                class="ant-checkbox-input"
                type="checkbox"
              />
              <span
                class="ant-checkbox-inner"
              />
            </span>
          </label>
          <span
            class="ant-transfer-list-header-selected"
          >
            <span>
              0 item
            </span>
            <span
              class="ant-transfer-list-header-title"
            />
          </span>
        </div>
        <div
          class="ant-transfer-list-body"
        >
          <div
            class="ant-transfer-list-body-not-found"
          >
            <div
              class="ant-empty ant-empty-small"
            >
              <div
                class="ant-empty-image"
              >
                <img
                  alt="No Data"
                  src="data:image/svg+xml;base64,PHN2ZyB3aWR0aD0iNjQiIGhlaWdodD0iNDEiIHhtbG5zPSJodHRwOi8vd3d3LnczLm9yZy8yMDAwL3N2ZyI+CiAgPGcgdHJhbnNmb3JtPSJ0cmFuc2xhdGUoMCAxKSIgZmlsbD0ibm9uZSIgZmlsbC1ydWxlPSJldmVub2RkIj4KICAgIDxlbGxpcHNlIGZpbGw9IiNGNUY1RjUiIGN4PSIzMiIgY3k9IjMzIiByeD0iMzIiIHJ5PSI3Ii8+CiAgICA8ZyBmaWxsLXJ1bGU9Im5vbnplcm8iIHN0cm9rZT0iI0Q5RDlEOSI+CiAgICAgIDxwYXRoIGQ9Ik01NSAxMi43Nkw0NC44NTQgMS4yNThDNDQuMzY3LjQ3NCA0My42NTYgMCA0Mi45MDcgMEgyMS4wOTNjLS43NDkgMC0xLjQ2LjQ3NC0xLjk0NyAxLjI1N0w5IDEyLjc2MVYyMmg0NnYtOS4yNHoiLz4KICAgICAgPHBhdGggZD0iTTQxLjYxMyAxNS45MzFjMC0xLjYwNS45OTQtMi45MyAyLjIyNy0yLjkzMUg1NXYxOC4xMzdDNTUgMzMuMjYgNTMuNjggMzUgNTIuMDUgMzVoLTQwLjFDMTAuMzIgMzUgOSAzMy4yNTkgOSAzMS4xMzdWMTNoMTEuMTZjMS4yMzMgMCAyLjIyNyAxLjMyMyAyLjIyNyAyLjkyOHYuMDIyYzAgMS42MDUgMS4wMDUgMi45MDEgMi4yMzcgMi45MDFoMTQuNzUyYzEuMjMyIDAgMi4yMzctMS4zMDggMi4yMzctMi45MTN2LS4wMDd6IiBmaWxsPSIjRkFGQUZBIi8+CiAgICA8L2c+CiAgPC9nPgo8L3N2Zz4K"
                />
              </div>
              <p
                class="ant-empty-description"
              >
                No Data
              </p>
            </div>
          </div>
        </div>
      </div>
      <div
        class="ant-transfer-operation"
      >
        <button
          class="ant-btn ant-btn-primary ant-btn-sm ant-btn-icon-only"
          disabled=""
          type="button"
        >
          <i
            aria-label="icon: right"
            class="anticon anticon-right"
          >
            <svg
              aria-hidden="true"
              class=""
              data-icon="right"
              fill="currentColor"
              height="1em"
              viewBox="64 64 896 896"
              width="1em"
            >
              <path
                d="M765.7 486.8L314.9 134.7A7.97 7.97 0 0 0 302 141v77.3c0 4.9 2.3 9.6 6.1 12.6l360 281.1-360 281.1c-3.9 3-6.1 7.7-6.1 12.6V883c0 6.7 7.7 10.4 12.9 6.3l450.8-352.1a31.96 31.96 0 0 0 0-50.4z"
              />
            </svg>
          </i>
        </button>
        <button
          class="ant-btn ant-btn-primary ant-btn-sm ant-btn-icon-only"
          disabled=""
          type="button"
        >
          <i
            aria-label="icon: left"
            class="anticon anticon-left"
          >
            <svg
              aria-hidden="true"
              class=""
              data-icon="left"
              fill="currentColor"
              height="1em"
              viewBox="64 64 896 896"
              width="1em"
            >
              <path
                d="M724 218.3V141c0-6.7-7.7-10.4-12.9-6.3L260.3 486.8a31.86 31.86 0 0 0 0 50.3l450.8 352.1c5.3 4.1 12.9.4 12.9-6.3v-77.3c0-4.9-2.3-9.6-6.1-12.6l-360-281 360-281.1c3.8-3 6.1-7.7 6.1-12.6z"
              />
            </svg>
          </i>
        </button>
      </div>
      <div
        class="ant-transfer-list"
      >
        <div
          class="ant-transfer-list-header"
        >
          <label
            class="ant-checkbox-wrapper"
          >
            <span
              class="ant-checkbox"
            >
              <input
                class="ant-checkbox-input"
                type="checkbox"
              />
              <span
                class="ant-checkbox-inner"
              />
            </span>
          </label>
          <span
            class="ant-transfer-list-header-selected"
          >
            <span>
              0 item
            </span>
            <span
              class="ant-transfer-list-header-title"
            />
          </span>
        </div>
        <div
          class="ant-transfer-list-body"
        >
          <div
            class="ant-transfer-list-body-not-found"
          >
            <div
              class="ant-empty ant-empty-small"
            >
              <div
                class="ant-empty-image"
              >
                <img
                  alt="No Data"
                  src="data:image/svg+xml;base64,PHN2ZyB3aWR0aD0iNjQiIGhlaWdodD0iNDEiIHhtbG5zPSJodHRwOi8vd3d3LnczLm9yZy8yMDAwL3N2ZyI+CiAgPGcgdHJhbnNmb3JtPSJ0cmFuc2xhdGUoMCAxKSIgZmlsbD0ibm9uZSIgZmlsbC1ydWxlPSJldmVub2RkIj4KICAgIDxlbGxpcHNlIGZpbGw9IiNGNUY1RjUiIGN4PSIzMiIgY3k9IjMzIiByeD0iMzIiIHJ5PSI3Ii8+CiAgICA8ZyBmaWxsLXJ1bGU9Im5vbnplcm8iIHN0cm9rZT0iI0Q5RDlEOSI+CiAgICAgIDxwYXRoIGQ9Ik01NSAxMi43Nkw0NC44NTQgMS4yNThDNDQuMzY3LjQ3NCA0My42NTYgMCA0Mi45MDcgMEgyMS4wOTNjLS43NDkgMC0xLjQ2LjQ3NC0xLjk0NyAxLjI1N0w5IDEyLjc2MVYyMmg0NnYtOS4yNHoiLz4KICAgICAgPHBhdGggZD0iTTQxLjYxMyAxNS45MzFjMC0xLjYwNS45OTQtMi45MyAyLjIyNy0yLjkzMUg1NXYxOC4xMzdDNTUgMzMuMjYgNTMuNjggMzUgNTIuMDUgMzVoLTQwLjFDMTAuMzIgMzUgOSAzMy4yNTkgOSAzMS4xMzdWMTNoMTEuMTZjMS4yMzMgMCAyLjIyNyAxLjMyMyAyLjIyNyAyLjkyOHYuMDIyYzAgMS42MDUgMS4wMDUgMi45MDEgMi4yMzcgMi45MDFoMTQuNzUyYzEuMjMyIDAgMi4yMzctMS4zMDggMi4yMzctMi45MTN2LS4wMDd6IiBmaWxsPSIjRkFGQUZBIi8+CiAgICA8L2c+CiAgPC9nPgo8L3N2Zz4K"
                />
              </div>
              <p
                class="ant-empty-description"
              >
                No Data
              </p>
            </div>
          </div>
        </div>
      </div>
    </div>
    <h3>
      Table
    </h3>
    <div
      class="ant-table-wrapper"
      style="margin-top:8px"
    >
      <div
        class="ant-spin-nested-loading"
      >
        <div
          class="ant-spin-container"
        >
          <div
            class="ant-table ant-table-default ant-table-empty ant-table-scroll-position-left"
          >
            <div
              class="ant-table-content"
            >
              <div
                class="ant-table-body"
              >
                <table
                  class=""
                >
                  <colgroup>
                    <col />
                    <col />
                  </colgroup>
                  <thead
                    class="ant-table-thead"
                  >
                    <tr>
                      <th
                        class=""
                      >
                        <div>
                          Name
                        </div>
                      </th>
                      <th
                        class=""
                      >
                        <div>
                          Age
                        </div>
                      </th>
                    </tr>
                  </thead>
                  <tbody
                    class="ant-table-tbody"
                  />
                </table>
              </div>
              <div
                class="ant-table-placeholder"
              >
                <div
                  class="ant-empty ant-empty-normal"
                >
                  <div
                    class="ant-empty-image"
                  >
                    <img
                      alt="No Data"
                      src="data:image/svg+xml;base64,PHN2ZyB3aWR0aD0iNjQiIGhlaWdodD0iNDEiIHhtbG5zPSJodHRwOi8vd3d3LnczLm9yZy8yMDAwL3N2ZyI+CiAgPGcgdHJhbnNmb3JtPSJ0cmFuc2xhdGUoMCAxKSIgZmlsbD0ibm9uZSIgZmlsbC1ydWxlPSJldmVub2RkIj4KICAgIDxlbGxpcHNlIGZpbGw9IiNGNUY1RjUiIGN4PSIzMiIgY3k9IjMzIiByeD0iMzIiIHJ5PSI3Ii8+CiAgICA8ZyBmaWxsLXJ1bGU9Im5vbnplcm8iIHN0cm9rZT0iI0Q5RDlEOSI+CiAgICAgIDxwYXRoIGQ9Ik01NSAxMi43Nkw0NC44NTQgMS4yNThDNDQuMzY3LjQ3NCA0My42NTYgMCA0Mi45MDcgMEgyMS4wOTNjLS43NDkgMC0xLjQ2LjQ3NC0xLjk0NyAxLjI1N0w5IDEyLjc2MVYyMmg0NnYtOS4yNHoiLz4KICAgICAgPHBhdGggZD0iTTQxLjYxMyAxNS45MzFjMC0xLjYwNS45OTQtMi45MyAyLjIyNy0yLjkzMUg1NXYxOC4xMzdDNTUgMzMuMjYgNTMuNjggMzUgNTIuMDUgMzVoLTQwLjFDMTAuMzIgMzUgOSAzMy4yNTkgOSAzMS4xMzdWMTNoMTEuMTZjMS4yMzMgMCAyLjIyNyAxLjMyMyAyLjIyNyAyLjkyOHYuMDIyYzAgMS42MDUgMS4wMDUgMi45MDEgMi4yMzcgMi45MDFoMTQuNzUyYzEuMjMyIDAgMi4yMzctMS4zMDggMi4yMzctMi45MTN2LS4wMDd6IiBmaWxsPSIjRkFGQUZBIi8+CiAgICA8L2c+CiAgPC9nPgo8L3N2Zz4K"
                    />
                  </div>
                  <p
                    class="ant-empty-description"
                  >
                    No Data
                  </p>
                </div>
              </div>
            </div>
          </div>
        </div>
      </div>
    </div>
    <h3>
      List
    </h3>
    <div
      class="ant-list ant-list-split"
    >
      <div
        class="ant-spin-nested-loading"
      >
        <div
          class="ant-spin-container"
        >
          <div
            class="ant-list-empty-text"
          >
            <div
              class="ant-empty ant-empty-normal"
            >
              <div
                class="ant-empty-image"
              >
                <img
                  alt="No Data"
                  src="data:image/svg+xml;base64,PHN2ZyB3aWR0aD0iNjQiIGhlaWdodD0iNDEiIHhtbG5zPSJodHRwOi8vd3d3LnczLm9yZy8yMDAwL3N2ZyI+CiAgPGcgdHJhbnNmb3JtPSJ0cmFuc2xhdGUoMCAxKSIgZmlsbD0ibm9uZSIgZmlsbC1ydWxlPSJldmVub2RkIj4KICAgIDxlbGxpcHNlIGZpbGw9IiNGNUY1RjUiIGN4PSIzMiIgY3k9IjMzIiByeD0iMzIiIHJ5PSI3Ii8+CiAgICA8ZyBmaWxsLXJ1bGU9Im5vbnplcm8iIHN0cm9rZT0iI0Q5RDlEOSI+CiAgICAgIDxwYXRoIGQ9Ik01NSAxMi43Nkw0NC44NTQgMS4yNThDNDQuMzY3LjQ3NCA0My42NTYgMCA0Mi45MDcgMEgyMS4wOTNjLS43NDkgMC0xLjQ2LjQ3NC0xLjk0NyAxLjI1N0w5IDEyLjc2MVYyMmg0NnYtOS4yNHoiLz4KICAgICAgPHBhdGggZD0iTTQxLjYxMyAxNS45MzFjMC0xLjYwNS45OTQtMi45MyAyLjIyNy0yLjkzMUg1NXYxOC4xMzdDNTUgMzMuMjYgNTMuNjggMzUgNTIuMDUgMzVoLTQwLjFDMTAuMzIgMzUgOSAzMy4yNTkgOSAzMS4xMzdWMTNoMTEuMTZjMS4yMzMgMCAyLjIyNyAxLjMyMyAyLjIyNyAyLjkyOHYuMDIyYzAgMS42MDUgMS4wMDUgMi45MDEgMi4yMzcgMi45MDFoMTQuNzUyYzEuMjMyIDAgMi4yMzctMS4zMDggMi4yMzctMi45MTN2LS4wMDd6IiBmaWxsPSIjRkFGQUZBIi8+CiAgICA8L2c+CiAgPC9nPgo8L3N2Zz4K"
                />
              </div>
              <p
                class="ant-empty-description"
              >
                No Data
              </p>
            </div>
          </div>
        </div>
      </div>
    </div>
  </div>
</div>
`;

exports[`renders ./components/empty/demo/customize.md correctly 1`] = `
<div
  class="ant-empty"
>
  <div
    class="ant-empty-image"
  >
    <img
      alt="empty"
      src="https://gw.alipayobjects.com/mdn/miniapp_social/afts/img/A*pevERLJC9v0AAAAAAAAAAABjAQAAAQ/original"
    />
  </div>
  <p
    class="ant-empty-description"
  >
    <span>
      Customize 
      <a
        href="#API"
      >
        Description
      </a>
    </span>
  </p>
  <div
    class="ant-empty-footer"
  >
    <button
      class="ant-btn ant-btn-primary"
      type="button"
    >
      <span>
        立即创建
      </span>
    </button>
  </div>
</div>
`;
